<section class="S1" id="s0">
  <h1 id="h0">Intro</h1>
  <p>
    t1.
  </p>
  <ul class="L1">
    <li>
      <p>
        a
      <br />
        a1
      </p>
      <ul class="L2">
        <li>
          b
        <br />
          b1
        </li>
      </ul>
      <p>
        a2
      </p>
    </li>
  </ul>
  <p>
    t2.
  <br />
    t3.
  </p>
</section>
