<html>
<head>
  <meta charset="utf-8">
  <title>test/html/empty.wu</title>
  <meta name="description" content="">
  <meta name="author" content="">
  <link rel="icon" type="image/png" href="data:image/png;base64,iVBORw0KGgo=">
</head>
<body id="body">
</body>
</html>
