test/1/html/test/assets/circle.svg
test/1/html/test/assets/empty.csv
test/1/html/test/assets/head.gif
test/1/html/test/assets/head.jpg
test/1/html/test/assets/head.png
test/1/html/test/assets/line.wu
test/1/html/test/assets/nested.wu
test/1/html/test/assets/table.csv
test/1/html/test/assets/text.txt
